7	root	Viruses	Riboviria	Orthornavirae	Pisuviricota	Pisoniviricetes	Nidovirales	Cornidovirineae	Coronaviridae	Orthocoronavirinae	Betacoronavirus	Sarbecovirus	unclassified Sarbecovirus	Bat coronavirus BM48-31/BGR/2008
2	root	Viruses	Riboviria	Orthornavirae	Pisuviricota	Pisoniviricetes	Nidovirales	Cornidovirineae	Coronaviridae	Orthocoronavirinae	Betacoronavirus	Merbecovirus	Tylonycteris bat coronavirus HKU4
31	root	Viruses	Riboviria	Orthornavirae	Pisuviricota	Pisoniviricetes	Nidovirales	Cornidovirineae	Coronaviridae	Orthocoronavirinae	Betacoronavirus	Sarbecovirus	Severe acute respiratory syndrome-related coronavirus	Severe acute respiratory syndrome coronavirus	SARS coronavirus Tor2
74739	root	Viruses	Riboviria	Orthornavirae	Pisuviricota	Pisoniviricetes	Nidovirales	Cornidovirineae	Coronaviridae	Orthocoronavirinae	Betacoronavirus	Sarbecovirus	Severe acute respiratory syndrome-related coronavirus	Severe acute respiratory syndrome coronavirus 2
3	root	Viruses	Riboviria	Orthornavirae	Pisuviricota	Pisoniviricetes	Nidovirales	Cornidovirineae	Coronaviridae	Orthocoronavirinae	Betacoronavirus	Hibecovirus	Bat Hp-betacoronavirus Zhejiang2013	Bat Hp-betacoronavirus/Zhejiang2013
